100
100
PPPPPPPPPPPPPPPPPPPPPPPPPPPPPPPPPPPPPPPPPPPPPPPPPPPPPPPPPPPPPPPPPPPPPPPPPPPPPPPPPPPPPPPPPPPPPPPPPPPP
PPPPPPPPPPPPPPPPPPPPPPPPPPPPPPPPPPPPPPPPPPPPPPPPPPPPPPPPPPPPPPPPPPPPPPPPPPPPPPPPPPPPPPPPPPPPPPPPPPPP
PPPPPPPPPPPPPPPPPPPPPPPPPPPPPPPPPPPPPPPPPPPPPPPPPPPPPPPPPPPPPPPPPPPPPPPPPPPPPPPPPPPPPPPPPPPPPPPPPPPP
PPPTTTSSTTTSSTTTTTTTTTTTTTSSTTTTTTTTTTTTTTTTTTTTTTTTTTTTTTTTTTSSTTTTAATTTTTTTTTTTTTTTTTTTTSSTTTTTPPP
PPPTTTSSTTTTSSTTTTTTTTTTTTSSTTTTTTTTTTTTTTTTTTTTTTTTTTTTTTTTTTTSSTTAATTTTTTTTTTTTTTTTTTTTSSTTTTTTPPP
PPPTTTTSSTTSSTTTTTTTTTTTTTTSSTTTTTTTTTTTTTTTTTTTTTTTTTTTTTTTTTBSSBBAABBBTTTTTTTTTTTTTTTTTSSTTTTTKPPP
PPPTTTTSSTSSTTTTTTTTTTTTTTTSSTTTTTTTTTTTTTTTTTTTTTTTTTTTTTTTTTSSSSBBAABBTTTTTTTTTTTTTTTTTSSTTTTTTPPP
PPPTTTTSSTTSSTTTTTTTTTTTTTTTSSTTTTTTTTTTTTTTTTTTTTTTTTTTTTTTTTBSSBBAABBBTTTTTTTTTTTTTTTTTSSTTTTTTPPP
PPPSTTSSTTTSSTTTTTTTTTTTTTTTSSTTTTTTTTTTTTTTTTTTTTTTTTTTTTTTTTSSBBAABBBBTTTTTTTTTTTTTTTTTTSSTTTTTPPP
PPPSSTTSSTSSSSSSTTTTTTTTTTTTTSSTTTTTTTTTTTTTTTTTTTTTTTTTTTTBBBBSSAABBBBSSSSSSSSSSSSSSTTTTTTSSTTTTPPP
PPPTSSSSSSSSSSSSSSTSTSTTTTTTTTSSTTTTTTTTTTTTTTTTTTTTTTTTTTTBBBBBSSBBBBBSSSSSSSSSSSSSSTTTTTTSSTTTTPPP
PPPTTSSTTSSSTTTTSSSSSSSSSTTTTTSSTTTTTTTTTTTTTTTTTTTTTTTTTTTBBBBSSAABBBBSSSSSSSSSSSSSSBBTTTTSSTTTTPPP
PPPTTTSSTTTSSTTTTTSTSTSSSSSTTSSTSTTTTTTTTTTTTSSTTTTTTTTTTTTBBBBBSSBBBBBSSSSSSSSSSSSSSBBTTTTSSTTTTPPP
PPPTTTSSTTSSTTTTTTTTTTTTTSSSTTSSSSTTTTTSTTTTSSSSKTTTTTTTTTTBBBBSSBBBBBBSSSSSSSSSSSSSSBBTTTTSSTTTTPPP
PPPTTSSTTSSTTTTTTTTTTTTTTTTSSSSSTSSTTTSSSSTSSTTSSSTTTTTTTTTBBBBBSSBBBBBSSSSSSSSSSSSSSBBTTTSSTTTTTPPP
PPPTTSSTSSTTTTTTTTTTTTTTTTTTSSTTTTSSTSSTSSSSTTTTSSSSSTSTTTTBBBBSSSSBBBBSSSSSSSSSSSSSSBBTTTTSSTTTTPPP
PPPTTTSSSSTTTTTTTTTTTTTTTSSSSSSSSSSSSSSTTTSTTTTTTTSSSSSSTTTBBBBSSSSBBBBSSSSSSSSSSSSSSBBTTTSSTTTTTPPP
PPPTTTTSSTTTTTTTTTTTTTTTTSSSSSSSSSSSSSSTTTTTTTTTTTTTTSTSSSTBBBBSSSSBBBBSSSSSSSSSSSSSSBBTTTTSSTTTTPPP
PPPTTTSSSSTTTTTTTTTTTTTTTSSSSSSSSSSSSSSTTTTTTTTTTTTTTTTTSSSBBBBBSSBBBBBSSSSSSSSSSSSSSBBTTTTSSTTTTPPP
PPPTTTTTSSTTTTTTTTTTTTTTTSSSSSSSSSSSSSSTTTTTTTTTTTTTTTTTTTSSBBBSSSBBBBBSSSSSSSSSSSSSSBBTTTTTSTSTTPPP
PPPTTTTSSSSTTTTTTTTTTTTTTSSSSSSSSSSSSSSTTTTTTTTTTTTTTTTTTTTSSBSSSSSBBBBSSSSSSSSSSSSSSBBTTTSSSSSSTPPP
PPPTTTSSSSTTTTTTTTTTTTTTTSSSSSSSSSSSSSSTTTTTTTTTTTTTTTTTTTTBSSSBSSSSSBBSSSSSSSSSSSSSSSSSSSSSTSTSSPPP
PPPTTTTSSSSTTTTTTTTTTTTTTSSSSSSSSSSSSSSTTTTTTTTTTTTTTTTTTTTBBSBBBSSSSSSSSSSSSSSSSSSSSSMMMMSTSSTTSPPP
PPPTTTTSSTSSTTTTTTTTTTTTTSSSSSSSSSSSSSSTTTTTTTTTTTTTTTTTTTTBBBBBAASSBSSSSSSSSSSSSSSSBSMSSSSSSSTSTPPP
PPPSSSSSSSSSSSSSSSSSTTTTTSSSSSSSSSSSSSSTTTTTTTTTTTTTTTTTTTTBBBBAABBSSSBSSSBBSSSSBBSSBSMSSSTSSSSSTPPP
PPPMMMMMMMMMMMMMMMMSTTTTTSSSSSSSSSSSSSSTTTTTTTTTTTTTTTTTTTTBBSSBAASSSSBBBBBBBBBBBBBBBSMSSSTTSSSTTPPP
PPPMSSSSSSSSSSSSSSMSTTTTTSSSSSSSSSSSSSSTTTTTTTTTTTTTTTTTTTTSSSSAASSBSBBBBBBBBBBBBBBBBSMSSSTTSSTTTPPP
PPPMSSSSSSSSSSSSSSMSTTTTTSSSSSSSSSSSSSSTTTTTTTTTTTTTTTTTSTSSSTTAATSSTTTTTTTTTTTTTTTTTSMSSSTTTSSTTPPP
PPPMSSSSSSSSSSSSSSSSSSSSSSSSSSSSSSSSSSSTTTTTTTTTTTTTTTTSSSSTTTAASSTSSTTTBBBBBBBBBBBBBSMSSSTTTTSSTPPP
PPPMSSSSSSSSSSSSSSMSSSSSSSSSSSSSSSSSSSSTTTTTTTTTTTTTTTSSTSTTTAATTSSSSTTTBBBBBBBBBBBBBSMSSSTTTTTSSPPP
PPPMSSSSSSSSSSSSSSMSSSSSSSSTTTTTTTTTTTTTTTTTTTTTTTTTTSSTTTTTTTAATTSSTTTTBBBBBBBBBBBBBSMSSSTTTTSSTPPP
PPPMSSSSSSSSSSSSSSMSSSSSSSTTTTTTTTTTTTTTTTTTTTTTTTSTSSTTTTTTTTAATSSSSTTTBBBBBBBBBBBBBSMSSSTTTTSSTPPP
PPPMSSSSSSSSSSSSSSMSSSSSSSBBBTTTTTTTTTTTTTTTTTTTTSSSSTTTTTTTTTTAATSSTTTTBBBBBBBBBBBBBSMSSSTTTTTSSPPP
PPPMSSSSSSSSSSSSSSMSSSSSSSSBBTTTTTTTTTTTTTTTTTSTSSTSTTTTTTTTTTAATSSTTTTTBBBBBBBBBBBBBSMSSSTTTTTSSPPP
PPPMSSSSSSSSSSSSSSMSSSSSSSSSSSSSSSSSSSSSSSSSTSSSSTTTTTTTTTTTTTAATSSTTTBBBBBBBBBBBBBBBSMSSSTTTTSSTPPP
PPPMSSSSSSSSSSSSSSMSSSSSMMMMMMMMMMMMMMMSSSSSSSTSTTTTTTTTTTTTTTAASSSSTTBBBBBBBBBBBBBBBSMSSSTTTTTSSPPP
PPPMSSSSSSSSSSSSSSMSSSSSMSSSSSSSSSSSSSSMSTTTSTTTTTTTTTTTTTTTTTTAATSSTTBBBBBBBBBBBBBBBSMSSSTTTTSSTPPP
PPPMSSSSSSSSSSSSSSMSSSSSMSSSSSSSSSSSSSSMSTTTTTTTTTTTTTTTTTTTTTTTAASSTTBBBBBBBBBBBBBBBSMMMMTTTSSTSPPP
PPPMSSSSSSSSSSSSSSMSSSSSMSSSSSSSSSSSSSSMSTTTTTTTTTTTTTTTTTTTTTTAASSTTTBBBBBBBBSSBBBBBSSSSSTSSSSSSPPP
PPPMSSSSSSSSSSSSSSMSSSSSMSSSSSSSSSSSSSSMSTTTTTTTTTTTTTTTTTTTTTTTTSSTTTBBBBBBBSSSSBBBBBBBTTSSSSTSSPPP
PPPMMMMMMMMMMMMMMMMSSBBSMSSSSSSSSSSSSSSMSTTTTTTTTTTTTTTTTTTTSSTTAASSTTBBSBBBSSBBSSBBBBBBTSSTTTTTTPPP
PPPSSSSSSSSSSSSSSSSSSSBSMSSSSSSSSSSSSSSMSSTTTTTTTTTTTTTTTTSSSSSSTSSSTTBSSBSSSBBBBSSSSSBSSSTTTTTTTPPP
PPPTTTBBSSBSSBBBBBBBBSSSMSSSSSSSSSSSSSSMSSTTTTTTTTTTTTTTTSSSSTSSSSTSSTSSBSSSBBBBBBSSSSSSSSTTTTTTTPPP
PPPTTTBBBBSSBSBBBSBBBSSSMSSSSSSSSSSSSSSSSSSSSSSSSSSSSSSSSSTTSTTTSSSSSSSSSSSSSBBBBBBBBBSBSSTTTTTTTPPP
PPPSTTBBBBSSSSSBSSSBSSBSMSSSSSSSSSSSSSSSMMMMMMMMMMMMMMMMSTTTTTTTTSSTTSSSSBSSSSSSBBBBBBTTSSTTTTTTTPPP
PPPSSTTTTSSSSBSSSBSSSBBSMSSSSSSSSSSSSSSSMSSSSSSSSSSSSSSMSTTTTTTTTSSTTTSBBBBBBSSSSBBBBBTTSSTTTTTTTPPP
PPPTSSSTSSSSBBBSBBBSBBBSSSSSSSSSSSSSSSSSMSSSSSSSSSSSSSSMSTTTTTTTTSSTTTBBBBBBBBBBSSBBBBTTSSTTTTTTTPPP
PPPTTSSSSTSSBBBBBBBBBBBSMSSSSSSSSSSSSSSSMSSSSSSSSSSSSSSSSTTTTTTTTSSTTTBBBBBBBBBBBSSSSBTTSSTTTTTTTPPP
PPPTTTTSTSSBBBBBBBBBBBBSMSSSSSSSSSSSSSSSMSSSSSSSSSSSSSSMSTTTTTTTSSTTTTBBBBBBBBBBBBSSSSTTSSTTTTSSTPPP
PPPTTTTTTSSBBBBBBBBBBBBSMSSSSSSSSSSSSSSSMSSSSSSSSSSSSSSMSTTTTTTTTSSTTTBBBBBBBBBBBBBBBSSTSSSSTSSSSPPP
PPPTTTTTSSBBBBBBBBBBBBBSMMMMMMMMMMMMMMMSSSSSSSSSSSSSSSSMSTTTTTTTTSSTTTTTTTTTTTTTTTTTTTSSSSSSSSTTSPPP
PPPTTTTSSSSBBBBBBBBBBBBSSSSSSSSSSSSSSSSSMSSSSSSSSSSSSSSMSTTTTTTTTTSSTTTTTTTTTTTTTTTTTTTSSSTTSTTTTPPP
PPPTTTSSSSBBBBBBBBBBBBBBSSBBBBBBBBBTTTTSMSSSSSSSSSSSSSSMSTTTTTTTTTSSTTTTTTTTTTTTTTTTTTTTSSTTTTTTTPPP
PPPTTTSSSSTTTTTTTTTBBBBSSBBBBBBBBBBTTTTSMSSSSSSSSSSSSSSMSTTTTTTTTSSTTTTTTTTTTTTTTTTTTTTTTTTTTTTTTPPP
PPPTTSSSSTTTTTTTTTTBBBSSBBBBBBBBBBBTTBBSMSSSSSSSSSSSSSSMSBBBBBBBSSTTTTTTTTTTTTTTTTTTTTTTTTTTTTTTTPPP
PPPTSSTTSSTTTTTTTTTBBBBSSSSSSSSSSSSSSSSSSSSSSSSSSSSSSSSMSBBBBBBSSAATTTTTTTTTTTTTTTTTTTTTTTTTTTTTTPPP
PPPTSSTTTSSTTTTTTTTBBBBSMMMMMMMMMMMMMMMMSSSSSSSSSSSSSSSMSBBBBBBBSSBBBBBBBBBBBBBBBBTTTTTTTTTTTTTTTPPP
PPPSSTTTTTSSTTTTTTTBBBBSSSSSSSSSSSSSSSSMSSSSSSSSSSSSSSSMSBBBBBBSSSSBBBBBBBBBBBBBBBTTTTTTTTTTTTTTTPPP
PPPTSSTTTSSTTTTTTTTBBBBSMSSSSSSSSSSSSSSMSSSSSSSSSSSSSSSMSBBBBBBBSSSSBBBBBBBBBBBBBBTTTTTTTTTTTTTTTPPP
PPPSSTTTSSTTTTTTTTTBBBBSMSSSSSSSSSSSSSSMSMMMMMMMMMMMMMMMSBBBBBBSSTBSSBBBBBBBBBBBBBTTTTTTTTTTTTTTTPPP
PPPSSTTTTSSTTTTTTTTBBBBSMSSSSSSSSSSSSSSMSSSSSSSSSSSSSSSSSBBBBKSSAABBSSBBBBBBBBBBBBTTTTTTTTTTTTTTTPPP
PPPSSTTTTTSSTTTTTTTBBBBSMSSSSSSSSSSSSSSMSBBBBBBBBBBBBBBBBBBBBBBSSAASSBBSSSSSSSSSSSSSSSSTTTTTTTTTTPPP
PPPTTTTTTTSSTTTTTTTBBBBSMSSSSSSSSSSSSSSMSBBBBBBBBBBBBBBBBBBBBBBBSSSSBBBSSSSSSSSSSSSSSSSTTTTTTTTTTPPP
PPPTTTTTTSSTTTTTTTTBBBBSMSSSSSSSSSSSSSSMSBBBBBBBBBBBBBBBBBBBBBBBBSSBBBBSSSSSSSSSSSSSSSSTTTTTTTTTTPPP
PPPTTTTTSSTTTTTTTTTBBBBSMSSSSSSSSSSSSSSMSBBBBBBBBBBBBBBBBBBBBBBBSSBBBBBSSSSSSSSSSSSSSSSTTTTTTTTTTPPP
PPPTTTTTSSTTTTTTTTTBBBBSMSSSSSSSSSSSSSSMSBBBBBBBBBBBBBBBBBBBBBBBBSSBBBBSSSSSSSSSSSSSSSSTTTTTTTTTTPPP
PPPTTTTTSSTTTTTTTTTBBBBSMSSSSSSSSSSSSSSMSBXBBBBBBBBBBBBBBBBBBBBBBTSSBBBSSSSSSSSSSSSSSSSTTTTTTTTTTPPP
PPPTTTTTTSSTTTTTTTTTTBBSMSSSSSSSSSSSSSSMSBBBBBBBBBBBBBBBBBBBBBBBBSSBBBBSSSSSSSSSSSSSSSSTTTTTTTTTTPPP
PPPTTTTTSSTTTTTTTTTTTBBSMSSSSSSSSSSSSSSSSBBBBBBBBBBBBBBBBBBBBBBBSSBBBBBSSSSSSSSSSSSSSSSTTTTTTTTTTPPP
PPPTTTTSSTTTTTTTTTTTTBBSMSSSSSSSSSSSSSSMSBBBBBBBBBBBBBBBBBBBBBBBBSSBBBBSSSSSSSSSSSSSSSSTTTTTTTTTTPPP
PPPTTTSSTTTTTTTTTTTTTBBSMSSSSSSSSSSSSSSMSTTTTTTTTTTTTTTTTTTTTTTTTTSSBBBSSSSSSSSSSSSSSSSTTTTTTTTTTPPP
PPPTTTTSSTTTTTTTTTTTTBBSMMMMMMMMMMMMMMMMSTTBBBBBBBBBBBBBBTTTTTTTTAASSBBSSSSSSSSSSSSSSSSTTTTTTTTTTPPP
PPPTTTTSSTTTTTTTTTTTTBBSSSSSSSSSSSSSSSSSSTTBBBBBBBBBBBBBBTTTTTTTTTAASSTSSSSSSSSSSSSSSSSTTTTTTTTTTPPP
PPPTTTTSSTTTTTTTTTTTTBSSBBBBBBBBBBBBBBBBTTTBBBBBBBBBBBBBBTTTTTTTTSSSSTTSSSSSSSSSSSSSSSSTTTTTTTTTTPPP
PPPTTTSSTTTTTTTTTTTTTBSSBBBBBBBBBBBBBBBBTTTBBBBBBBBBBBBBBTTTTTTTSSTSSTTSSSSSSSSSSSSSSSSSTTTTTTTTTPPP
PPPTTTSSTTTTTTTTTTTTTBBSSBBBBBBBBBBBBBBBTTTBBXBBBBBBBBBBBTTTTTTTTSSSSTTSSSSSSSSSSSSSSSSSSTTTTTTTTPPP
PPPTTTTSSTTTTTTTTTTTTTTTSSBBBBBBBBBBBBBBTTTBBBBBBBBBBBBBBTTKTTTTSSTSSTTSSSSSSSSSSSSSSSSTSSTTTTTTTPPP
PPPTTTSSTTTTTTTTTTTTTTTTSSBBBBBBBBBBBBBBTTTBBBBBBBBBBBBBBTTTTTTTSSAASSTTTTATATTTTTTSSTTTTSSTTTTTTPPP
PPPTTTSSATTTTTTTTTTTTTTSSBBBBBBBABAABBBBTTTBBBBBBBBBABBBBTTTTTTSSAATTSSTAAAAAAATATSSTTTTTTSTSTTSSPPP
PPPSTASSAATTTTAATTTTTTABSSBBBBBAAAAAABBBBBBBBBBBABBAAABABAATATTATTAAASSAAASATAAAAASATAATTSSSSSSSSPPP
PPPSSASSTAAAAAAAAATTTAAASSBBABAABABBAAABBBBBBBBAAAAABAAAAAAAASSATTTAASSASTSTTTTATAAAAAATSSSSASSSSPPP
PPPTSTSSSTAAAATTAATTAATAABAAAAABBBBBBAAAABBBABAABAASBSABATTASSSSSSSATSSSSSSTTTTTTTATATSSSTTTATTSSPPP
PPPTTSSTSSTTSTTTSSSSATTBAAAABABBBBBBBBBAAAAAAAASBSBSSSBBBTTSSTTSSSSSSTSSSSSSTTTTSSSTSSSSTTTTTTTTTPPP
PPPTTSSTSSSSSSTSSSSSSTSBBASSSBBBBSSSSBBBBAAASABSSSBSSBBSSTSSTTTSSTTSSSSTSTTSSSBSSSSSSSBBBBTTTTTTTPPP
PPPSSSSSSTSSTSSSTTTTSSSSSBSSSSBBSSSSSSBBBSSBSBBSSSSSSBSSSSSTTTSSTTTAASTTTTTTSSSSBBBSBBBBBBTTTTTTTPPP
PPPSSSSSTTTTTTSTTTTTTSTSSSSBBSSSSBSSSSBBSSSBSBSSBSSBSSSTTSTTTTTSSTTTTSSTTTTTTTSBBBBBBBBBBBTTTTTTTPPP
PPPTTTSSTTTTTTTTTTTTTTTBBSSSSSSSSSSSSSSSSSBSSSSBBBBBBSTTTTTTTTTSSTTTSSTTTTTTTTBBBBBBBBBBBBTTTTTTTPPP
PPPTTTTSSTTTTTTTTTTTTTTBBSSSSSBBSSBBBSSSSSSSBSBBBBBBBTTTTTTTTTSSTTTTSSTTTTTTTTBBBBBBBBBBBBTTTTTTTPPP
PPPTTTSSTTTTTTTTTTTTTTTBSSBBBBBBBBBBBBBBSBSBBBBBBBBBBTTTTTTTTTSSTTTTTSSTTTTTTTBBBBBBBBBBBBTTTTTTTPPP
PPPTTTTSSKTTTTTTTTTTTTTBBSSBBBBBBBBBBBBBBBBBBBBBBBBBBTTTTTTTTTSSTTTTSSTTTTTTTTBBBBBBBBBBBBTTTTTTTPPP
PPPTTTTTSSTTTTTTTTTTTTTTSSTTTTTTTTTTTTTTTTTTTTTKTTTTTTTTTTTTTSSTTTTSSTTTTTTTTTTTTTTTTTTTTTTTTTTTTPPP
PPPTTTTSSTTTTTTTTTTTTTTTSSTTTTTTTTTTTTTTTTTTTTTTTTTTTTTTTTTTTSSTTTTTSSTTTTTTTTTTTTTTTTTTTTTTTTTTTPPP
PPPTTTTTSSTTTTTTTTTTTTTTTSSTTTTTTTTTTTTTTTTTTTTTTTTTTTTTTTTTTSSTTTTTTSSTTTTTTTTTTTTTTTTTTTTTTTTTTPPP
PPPTTTTSSTTTTTTTTTTTTTTTTTSSTTTTTTTTTTTTTTTTTTTTTTTTTTTTTTTTSSTTTTTTSSTTTTTTTTTTTTTTTTTTTTTTTTTTTPPP
PPPTTTSSTTTTTTTTTTTTTTTTTTSSTTTTTTTTTTTTTTTTTTTTTTTTTTTTTTTSSTTTTTTTTSSTTTTTTTTTTTTTTTTTTTTTTTTTTPPP
PPPTTTTSSTTTTTTTTTTTTTTTTSSTTTTTTTTTTTTTTTTTTTTTTTTTTTTTTTTSSTTTTTTTAASSTTTTTTTTTTTTTTTTTKTTTTTTTPPP
PPPTTTTTSSTTTTTTTTTTTTTTTTSSTTTTTTTTTTTTTTTTTTTTTTTTTTTTTTTTSSTTTTTAASSTTTTTTTTTTTTTTTTTTTTTTTTTTPPP
PPPPPPPPPPPPPPPPPPPPPPPPPPPPPPPPPPPPPPPPPPPPPPPPPPPPPPPPPPPPPPPPPPPPPPPPPPPPPPPPPPPPPPPPPPPPPPPPPPPP
PPPPPPPPPPPPPPPPPPPPPPPPPPPPPPPPPPPPPPPPPPPPPPPPPPPPPPPPPPPPPPPPPPPPPPPPPPPPPPPPPPPPPPPPPPPPPPPPPPPP
PPPPPPPPPPPPPPPPPPPPPPPPPPPPPPPPPPPPPPPPPPPPPPPPPPPPPPPPPPPPPPPPPPPPPPPPPPPPPPPPPPPPPPPPPPPPPPPPPPPP
