50
50
PPPPPPPPPPPPPPPPPPPPPPPPPPPPPPPPPPPPPPPPPPPPPPPPPP
PPPPPPPPPPPPPPPPPPPPPPPPPPPPPPPPPPPPPPPPPPPPPPPPPP
PPPPPPPPPPPPPPPPPPPPPPPPPPPPPPPPPPPPPPPPPPPPPPPPPP
PPPTTTBBBBBBBBBBBSSBBBBBTTTTTTTSSTTTTSSTTTTSSTTPPP
PPPTTTBBBBBBSBBBSBSSSBBBTTTGTTSSTTTTSSTTTGTSSTTPPP
PPPSTSBBBBSSSSSSSSSSSSSBTTTTSTTSTASAASSAAASSTSTPPP
PPPSSSSBSSSSSSSSBSSSBSSSTSTSSSSSSSSSSSSSSASSSSSPPP
PPPTSSSSSSBBSSSBBBSSBSSSSSSSSSSTSSASSSSSSSSTSTSPPP
PPPTSSSSSBSSSSSSBSSBSSSSSTSTSTTSSAAAASSAASSBBBSPPP
PPPSSTSBSSSSSBBSSBSSSBBSTTTTTTSSTAAAASSAAASSBBSPPP
PPPSTTBBBSBBBBBBSSDBBBBBTTTTTTSSTAAAASSAAASSBBSPPP
PPPTTTBBBBBBBBBBBSSBBBBBTTTTTSSTTAASSSAAASSBBBSPPP
PPPTTTBBBBBBBBBBBBSSBBBBTTTTTSSTTSSSSSAASSAASSSPPP
PPPTTTBBBBBBBBBBBSSSSSSSTSSSSTSSSSSAASSSSAAASSSPPP
PPPTTTBBBBBBBBBBBSSBSSSSSSSSSSSTSAAAAASSSSAAABSPPP
PPPTTTBBBBBBBBBBBBSSBBBBSTTTSSTTTTTTTTSSBSSBBBSPPP
PPPTTTBBBBBBBBBBBBBSSBBBTTTSSTTTTTTTTSSTBSSBBBSPPP
PPPTTTBBBBBBBBBBBBSSBBBBTTSSTTTTKTTTTTSSBBSSBBSPPP
PPPTTTBBBBBBBBBBBBBSSBBBTSSTKTTTTTTTTTSSBSSBBBSPPP
PPPTTGBBBBBBBBBBBBDBSSBBTTSSTTTTTTTGKSSTBBSSBBBPPP
PPPTTTTTTTTTTTTTTTTTTSSTTSSTTTTTTTTTTSSTBBSSBBBPPP
PPPTTTTTTTTTTTTTTTTTTSSTTTSSTTTTTTTTTTSSBSSBBBKPPP
PPPTTTTTTTTTTTTTTTTTTDSSTTTSSTTTTTTTTSSTSSAABBBPPP
PPPTTTTTTTTTTTTTTTTTTTSSTTSSTTTTTTTTTSSTBSSAABBPPP
PPPTTTTTTTTTTTTTTTTTTTTSSSSTTTTTTTTTTSSTBBSSBBBPPP
PPPTTTTKTTTTTTTTTTTTTTSSSSTTTTTTTTTTTSSTBSSBBBBPPP
PPPTTTTTTTTTTTTTTTTTDSSTTSSTTTTTTTTTSSTTSSAASSSPPP
PPPTGTTTTTTTTTTTTTTTTSSTTSSTTTTTTTTTTSSSSTTAASSPPP
PPPAAAAAAAAAAAAAGTTTTSSTXTSSTTTTTTTBBBSSBBBAABBPPP
PPPAAAAAAAAAAAAATTTTTTSSTSSTTTTTTTTBBSSSSBAABBBPPP
PPPAAAAAAAAAAAAATTTTTTTTSSTTTTTTTTTBBBSSBBAABBBPPP
PPPAAAAAAAAAAAAATTTTTTTSSSSTTTTTTTTBBBSSBBAABBBPPP
PPPAAAAAAAAAAAAATTTTKTTTSSTTTTTDTTTBBBBSSAABBBBPPP
PPPAAAAAAAAAAAAATTTTTTTTTSSTTTTTTTTBBBSSBAABBBBPPP
PPPAAAAAAAAAAAAATTTTTTTTTSSTTTTTTTTBBBSSBAABBBBPPP
PPPAAAAAAAAAAAAATTTTTTTTSSTTTTTTTTTBBSSBAABBSSBPPP
PPPAAAAAAAAAAAAATTTTTTTTTSSTTTTTTTTBBSSAASSSSSSPPP
PPPAAAAAASAAAAAATTTTTTTTSSSTSTTTTTTBSSBSSSSSBBSPPP
PPPAASAASSSSAAAATTTTTTTSSSSSSSTTSTTSSBSSSAABBBBPPP
PPPSSSSSSASSSAAATTSSSSTTSSASASSSSSSSBSSBBAAABBBPPP
PPPSSASSAAAASSAAGSSSSSSSSAABABSSBSSSGSSSAABAABBPPP
PPPAAAAAAAAAASSSSSABBKSSBABBBBBBBBBBSBBSSBBBAAAPPP
PPPTKTTTTATAATSSTTABBBBSSBBBBBBBBBBBSSSSTTTTTAAPPP
PPPTTTTAAAAAATTTTTTBBBBSSBBBBBBBBBBBBSSAATTTTTTPPP
PPPTATTTATATTTTTTTTBBBBBSSBBBBBBBBBBBSSAABBBBBBPPP
PPPAAAATTTTTTTDTTTTBBBBBBSSBBBBBBBBBSSSSBBBBBBBPPP
PPPATATTTTTTTTTTTTTBBBBBSSSSKBBBBBBSSBBSSBBBBBBPPP
PPPPPPPPPPPPPPPPPPPPPPPPPPPPPPPPPPPPPPPPPPPPPPPPPP
PPPPPPPPPPPPPPPPPPPPPPPPPPPPPPPPPPPPPPPPPPPPPPPPPP
PPPPPPPPPPPPPPPPPPPPPPPPPPPPPPPPPPPPPPPPPPPPPPPPPP
