100
100
PPPPPPPPPPPPPPPPPPPPPPPPPPPPPPPPPPPPPPPPPPPPPPPPPPPPPPPPPPPPPPPPPPPPPPPPPPPPPPPPPPPPPPPPPPPPPPPPPPPP
PPPPPPPPPPPPPPPPPPPPPPPPPPPPPPPPPPPPPPPPPPPPPPPPPPPPPPPPPPPPPPPPPPPPPPPPPPPPPPPPPPPPPPPPPPPPPPPPPPPP
PPPPPPPPPPPPPPPPPPPPPPPPPPPPPPPPPPPPPPPPPPPPPPPPPPPPPPPPPPPPPPPPPPPPPPPPPPPPPPPPPPPPPPPPPPPPPPPPPPPP
PPPTTTSSTTTSSTTTTTTTTTTTTTSSTTTTTTTTTTTTTTTTTTTTTTTTTTTTTTTTTTSSTTTTAATTTTTTTTTTTTTTTTTTTTSSTTTTTPPP
PPPTTTSSTTTTSSTTTTTTTTTTTTSSTTTTTTTTTTTTTTTTTTTTTTTTTTTTTTTTTTTSSTTAATTTTTTTTTTTTTTTTTTTTSSTTTTTTPPP
PPPTTTTSSTTSSTTTTTTTTTTTTTTSSTTTTTTTTTTTTTTTTTTTTTTTTTTTTTTTTTBSSBBAABBBTTTTTTTTTTTTTTTTTSSTTTTTKPPP
PPPTTTTSSTSSTTTTTTTTTTTTTTTSSTTTTTTTTTTTTTTTTTTTTTTTTTTTTTTTTTSSSSBBAABBTTTTTTTTTTTTTTTTTSSTTTTTTPPP
PPPTTTTSSTTSSTTTTTTTTTTTTTTTSSTTTTTTTTTTTTTTTTTTTTTTTTTTTTTTTTBSSBBAABBBTTTTTTTTTTTTTTTTTSSTTTTTTPPP
PPPSTTSSTTTSSTTTTTTTTGTTTTTTSSTTTTTTTTTTTTTTTTTTTTTTTTTTTTTTTTSSBBAABBBBTTTTTTTTTTTTTTTTTTSSTTTTTPPP
PPPSSTTSSTSSSSSSTTTTTTTTTTTTTSSTTTTTTTTTTTTTTTTTTTTTTTTTTTTBBBBSSAABBBBSSSSSSSSSSSSSSTTTTTTSSTTTTPPP
PPPTSSSSSSSSSSSSSSTSTSTTTTTTTTSSTTTTTTTTTTTTTTTTTTTTTTTTTTTBBBBBSSBBBBBSSSSSSSSSSSSSSTTTTTTSSTTTTPPP
PPPTTSSTTSSSTTTTSSSSSSSSSTTTTTSSTTTTTTTTTTTTTTTTTTTTTTTTTTTBBBBSSAABBBBSSSSSSSSSSSSSSBBTTTTSSTTTTPPP
PPPTTTSSTTTSSTTTTTSTSTSSSSSTTSSTSTTTTTTTTTTTTSSTTTTTTTTTTTTBBBBBSSBBBBBSSSSSSSSSSSSSSBBTTTTSSTTTTPPP
PPPTTTSSTTSSTTTTTTTTTTTTTSSSTTSSSSTTTTTSTTTTSSSSKTTTTTTTTTTBBBBSSBBBBBBSSSSSSSSSSSSSSBBTTTTSSTTTTPPP
PPPTTSSTTSSTTTTTTTTTTTTTTTTSSSSSTSSTTTSSSSTSSTTSSSTTTTTTTTTBBBBBSSBBBBBSSSSSSSSSSSSSSBBTTTSSTTTTTPPP
PPPTTSSTSSTTTTTTTTTTTTTTTTTTSSTTTTSSTSSTSSSSTTTTSSSSSTSTTTTBBBBSSSSBBBBSSSSSSSSSSSSSSBBTTTTSSTTTTPPP
PPPTTTSSSSTTTTTTTTTTTTTTTSSSSSSSSSSSSSSTTTSTTTTTTTSSSSSSTTTBBBBSSSSBBBBSSSSSSSSSSSSSSBBTTTSSTTTTTPPP
PPPTTTTSSTTTTTTTTTTTTTTTTSSSSSSSSSSSSSSTTTTTTTTTTTTTTSTSSSTBBBBSSSSBBBBSSSSSSSSSSSSSSBBTTTTSSTTTTPPP
PPPTTTSSSSTTTTTTTTTTTTTTTSSSSSSSSSSSSSSTTTTTTTTTTTTTTTTTSSSBBBBBSSBBBBBSSSSSSSSSSSSSSBBTTTTSSTTTTPPP
PPPTTTTTSSTTTTTTTTTTTTTTTSSSSSSSSSSSSSSTTTTTTTTTTTTTTTTTTTSSBBBSSSBBBBBSSSSSSSSSSSSSSBBTTTTTSTSTTPPP
PPPTTTTSSSSTTTTGTTTTTTTTTSSSSSSSSSSSSSSTTTTTTTGTTTTTTTTTTTTSSBSSSSSBBBBSSSSSSSSSSSSSSBBTTTSSSSSSTPPP
PPPTTTSSSSTTTTTTTTTTTTTTTSSSSSSSSSSSSSSTTTTTTTTTTTTTTTTTTTTBSSSBSSSSSBBSSSSSSSSSSSSSSSSSSSSSTSTSSPPP
PPPTTTTSSSSTTTTTTTTTTTTTTSSSSSSSSSSSSSSTTTTTTTTTTTTTTTTTTTTBBSBBBSSSSSSSSSSSSSSSSSSSSSMMMMSTSSTTSPPP
PPPTTTTSSTSSTTTTTTTTTTTTTSSSSSSSSSSSSSSTTTTTTTTTTTTTTTTTTTTBBBBBAASSBSSSSSSSSSSSSSSSBSMSSSSSSSTSTPPP
PPPSSSSSSSSSSSSSSSSSTTTTTSSSSSSSSSSSSSSTTTTTTTTTTTTTDTTTTTTBBBBAABBSSSBSSSBBSSSSBBSSBSMSSSTSSSSSTPPP
PPPMMMMMMMMMMMMMMMMSTTTTTSSSSSSSSSSSSSSTTTTTTTTTTTTTTTTTTTTBBSSBAASSSSBBBBBBBBBBBBBBBSMSSSTTSSSTTPPP
PPPMSSSSSSSSSSSSSSMSTTTTTSSSSSSSSSSSSSSTTTTTTTTTTTTTTTTTTTTSSSSAASSBSBBBBBBBBBBBBBBBBSMSSSTTSSTTTPPP
PPPMSSSSSSSSSSSSSSMSTTTTTSSSSSSSSSSSSSSTTTTTKKTTTTTTTTTTSTSSSTTAATSSTTTTTTTTTTTTTTTTTSMSSSTTTSSTTPPP
PPPMSSSSSSSSSSSSSSSSSSSSSSSSSSSSSSSSSSSTTTTTTTTTTTTTTTTSSSSTTTAASSTSSTTTBBBBBBBBBBBBBSMSSSTTTTSSTPPP
PPPMSSSSSSSSSSSSSSMSSSSSSSSSSSSSSSSSSSSTTTTTTTTTTTTTTTSSTSTTTAATTSSSSTTTBBBBBBBBBBBBBSMSSSTTTTTSSPPP
PPPMSSSSSSSSSSSSSSMSSSSSSSSTTTTTTTTTTTTTTTTTTTTTTTTTTSSTTTTTTTAATTSSTTTTBBBBBBBBBBBBBSMSSSTTTTSSTPPP
PPPMSSSSSSSSSSSSSSMSSSSSSSTTTTTTTTTTTTTTTTTTTTTTTTSTSSTTTTTTTTAATSSSSTTTBBBBBBBBBBBBBSMSSSTTDTSSTPPP
PPPMSSSSSSSSSSSSSSMSSSSSSSBBBTTTTTTTTTTTTTTTTTTTTSSSSTTTTTTTTTTAATSSTTTTBBBBBBBBBBBBBSMSSSTTTTTSSPPP
PPPMSSSSSSSSSSSSSSMSSSSSSSSBBTTTTTTTTTTTTTTTTTSTSSTSTTTTTTTTTTAATSSTTTTTBBBBBBBBBBBBBSMSSSTTTTTSSPPP
PPPMSSSSSSSSSSSSSSMSSSSSSSSSSSSSSSSSSSSSSSSSTSSSSTTTTTTTTTTTTTAATSSTTTBBBBBBBBBBBBBBBSMSSSTTTTSSTPPP
PPPMSSSSSSSSSSSSSSMSSSSSMMMMMMMMMMMMMMMSSSSSSSTSTTTTTTTTTTTTTTAASSSSTTBBBBBBBBBBBBBBBSMSSSTTTTTSSPPP
PPPMSSSSSSSSSSSSSSMSSSSSMSSSSSSSSSSSSSSMSTTTSTTTTTTTTTTTTTTTTTTAATSSTTBBBBBBBBBBBBBBBSMSSSTTTTSSTPPP
PPPMSSSSSSSSSSSSSSMSSSSSMSSSSSSSSSSSSSSMSTTTTTTTTTTTTDTTTTTTTTTTAASSTTBBBBBBBBBBBBBBBSMMMMTTTSSTSPPP
PPPMSSSSSSSSSSSSSSMSSSSSMSSSSSSSSSSSSSSMSTTTTTTTTTTTTTTTTTTTTTTAASSTTTBBBBBBBBSSBBBBBSSSSSTSSSSSSPPP
PPPMSSSSSSSSSSSSSSMSSSSSMSSSSSSSSSSSSSSMSTTTTTTTTTTTTTTTTTTTTTTTTSSTTTBBBBBBBSSSSBBBBBBBTTSSSSTSSPPP
PPPMMMMMMMMMMMMMMMMSSBBSMSSSSSSSSSSSSSSMSTTTTTTTTTGTTTTTTTTTSSTTAASSTTBBSBBBSSBBSSBBBBBBTSSTTTTTTPPP
PPPSSSSSSSSSSSSSSSSSSSBSMSSSSSSSSSSSSSSMSSTTTTTTTTTTTTTTTTSSSSSSTSSSTTBSSBSSSBBBBSSSSSBSSSTTTTTTTPPP
PPPTTTBBSSBSSBBBBBBBBSSSMSSSSSSSSSSSSSSMSSTTTTTTTTTTTTTTTSSSSTSSSSTSSTSSBSSSBBBBBBSSSSSSSSTTTTTTTPPP
PPPTTTBBBBSSBSBBBSBBBSSSMSSSSSSSSSSSSSSSSSSSSSSSSSSSSSSSSSTTSTTTSSSSSSSSSSSSSBBBBBBBBBSBSSTTTTTTTPPP
PPPSTTBBBBSSSSSBSSSBSSBSMSSSSSSSSSSSSSSSMMMMMMMMMMMMMMMMSTTTTTTTTSSTTSSSSBSSSSSSBBBBBBTTSSTTTTTTTPPP
PPPSSTTTTSSSSBSSSBSSSBBSMSSSSSSSSSSSSSSSMSSSSSSSSSSSSSSMSTTTTTTTTSSTTTSBBBBBBSSSSBBBBBTTSSTTTTTTTPPP
PPPTSSSTSSSSBBBSBBBSBBBSSSSSSSSSSSSSSSSSMSSSSSSSSSSSSSSMSTTTTTTTTSSTTTBBBBBBBBBBSSBBBBTTSSTTTTTTTPPP
PPPTTSSSSTSSBBBBBBBBBBBSMSSSSSSSSSSSSSSSMSSSSSSSSSSSSSSSSTTTTTTTTSSTTTBBBBBBBBBBBSSSSBTTSSTTTTTTTPPP
PPPTTTTSTSSBBBBBBBBBBBBSMSSSSSSSSSSSSSSSMSSSSSSSSSSSSSSMSTTTTTTTSSTTTTBBBBBBBBBBBBSSSSTTSSTTTTSSTPPP
PPPTTTTTTSSBBBBBBBBBBBBSMSSSSSSSSSSSSSSSMSSSSSSSSSSSSSSMSTTTTTTTTSSTTTBBBBBBBBBBBBBBBSSTSSSSTSSSSPPP
PPPTTTTTSSBBBBBBBBBBBBBSMMMMMMMMMMMMMMMSSSSSSSSSSSSSSSSMSTTTTTTTTSSTTTTTTTTTTTTTTTTTTTSSSSSSSSTTSPPP
PPPTTTTSSSSBBBBBBBBBBBBSSSSSSSSSSSSSSSSSMSSSSSSSSSSSSSSMSTTTTGTTTTSSTTTTTTTTTTTTTTTTTTTSSSTTSTTTTPPP
PPPTTTSSSSBBBBBBBBBBBBBBSSBBBBBBBBBTTTTSMSSSSSSSSSSSSSSMSTTTTTTTTTSSTTTTTTTTTKTTTTTTTTTTSSTTTTTTTPPP
PPPTTTSSSSTTTTKKTTTBBBBSSBBBBBBBBBBTTTTSMSSSSSSSSSSSSSSMSTTTTTTTTSSTTTTTTTTTTTTTTTTTTTTTTTDTTTTTTPPP
PPPTTSSSSTTTTTTTTTTBBBSSBBBBBBBBBBBTTBBSMSSSSSSSSSSSSSSMSBBBBBBBSSTTTTTTTTTTTTTTTTTTTTTTTTTTTTTTTPPP
PPPTSSTTSSTTTTTTTTTBBBBSSSSSSSSSSSSSSSSSSSSSSSSSSSSSSSSMSBBBBBBSSAATTTTTTTTTTTTTTTTTTTGTTTTTTTTTTPPP
PPPTSSTTTSSTTTTTTTTBBBBSMMMMMMMMMMMMMMMMSSSSSSSSSSSSSSSMSBBBBBBBSSBBBBBBBBBBBBBBBBTTTTTTTTTTTTTTTPPP
PPPSSTTTTTSSTTTTTTTBBBBSSSSSSSSSSSSSSSSMSSSSSSSSSSSSSSSMSBBBBBBSSSSBBBBBBBBBBBBBBBTTTTTTTTTTTTTTTPPP
PPPTSSTTTSSTTTTTTTTBBBBSMSSSSSSSSSSSSSSMSSSSSSSSSSSSSSSMSBBBBBBBSSSSBBBBBBBBBBBBBBTTTTTTTTTKTTTTTPPP
PPPSSTTTSSTTTTTTTTTBBBBSMSSSSSSSSSSSSSSMSMMMMMMMMMMMMMMMSBBBBBBSSTBSSBBBBBBBBBBBBBTTTTTTTTTTTTTTTPPP
PPPSSTTTTSSTTTTTTTTBBBBSMSSSSSSSSSSSSSSMSSSSSSSSSSSSSSSSSBBBBKSSAABBSSBBBBBBBBBBBBTTTTTTTTTTTTTTTPPP
PPPSSTTTTTSSTTTTTTTBBBBSMSSSSSSSSSSSSSSMSBBBBBBBBBBBBBBBBBBBBBBSSAASSBBSSSSSSSSSSSSSSSSTTTTTTTTTTPPP
PPPTTTTTTTSSTTTTTTTBBBBSMSSSSSSSSSSSSSSMSBBBBBBBBBBBBBBBBBBBBBBBSSSSBBBSSSSSSSSSSSSSSSSTTTTTTTTTTPPP
PPPTTTTTTSSTTTTKTTTBBBBSMSSSSSSSSSSSSSSMSBBBBBBBBBBBBBBBBBBBBBBBBSSBBBBSSSSSSSSSSSSSSSSTTTTTTTTTTPPP
PPPTTTTTSSTTTTTTTTTBBBBSMSSSSSSSSSSSSSSMSBBBBBBBBBBBBBBBBBBBBBBBSSBBBBBSSSSSSSSSSSSSSSSTTTTTTTTTTPPP
PPPTTTTTSSTTTTTTTTTBBBBSMSSSSSSSSSSSSSSMSBBBBBBBBBBBBBBBBBBBBBBBBSSBBBBSSSSSSSSSSSSSSSSTTTTTTTTTTPPP
PPPTTTTTSSTTTTTTTTTBBBBSMSSSSSSSSSSSSSSMSBXBBBBBBBBBBBBBBBBBBBBBBTSSBBBSSSSSSSSSSSSSSSSTTTTTTTTTTPPP
PPPTTTTTTSSTTTTTTTTTTBBSMSSSSGSSSSSSSSSMSBBBBBBBBBBBBBBBBBBBBBBBBSSBBBBSSSSSSSSSSSSSSSSTTTTTTTTTTPPP
PPPTTTTTSSTTTTTTTTTTTBBSMSSSSSSSSSSSSSSSSBBBBBBBBBBBBBBBBBBBBBBBSSBBBBBSSSSSSSSSSSSSSSSTTTTTTTTTTPPP
PPPTTTTSSTTDTTTTTTTTTBBSMSSSSSSSSSSSSSSMSBBBBBBBBBBBBBBBBBBBBBBBBSSBBBBSSSSSSSSSGSSSSSSTTTTTTTTTTPPP
PPPTTTSSTTTTTTTTTTTTTBBSMSSSSSSSSSSSSSSMSTTTTTTTTTTTTTTTTTTTTTTTTTSSBBBSSSSSSSSSSSSSSSSTTTTTTTTTTPPP
PPPTTTTSSTTTTTTTTTTTTBBSMMMMMMMMMMMMMMMMSTTBBBBBBBBBBBBBBTTTTTTTTAASSBBSSSSSSSSSSSSSSSSTTTTTTTTTTPPP
PPPTTTTSSTTTTTGTTTTTTBBSSSSSSSSSSSSSSSSSSTTBBBBBBBBBBBBBBTTTTTTTTTAASSTSSSSSSSSSSSSSSSSTTTTTTTTTTPPP
PPPTTTTSSTTTTTTTTTTTTBSSBBBBBBBBBBBBBBBBTTTBBBBBBBBBBBBBBTTTTTTTTSSSSTTSSSSSSSSSSSSSSSSTTTTTTTTTTPPP
PPPTTTSSTTTTTTTTTTTTTBSSBBBBBBBBBBBBBBBBTTTBBBBBBBBBBBBBBTTTTTTTSSTSSTTSSSSSSSSSSSSSSSSSTTTTTTTTTPPP
PPPTTTSSTTTTTTTTTTTTTBBSSBBBBBBBBBBBBBBBTTTBBXBBBBBBBBBBBTTTTTTTTSSSSTTSSSSSSSSSSSSSSSSSSTTTTTTTTPPP
PPPTTTTSSTTTTTTTTTTTTTTTSSBBBBBBBBBBBBBBTTTBBBBBBBBBBBBBBTTKTTTTSSTSSTTSSSSSSSSSSSSSSSSTSSTTTTTTTPPP
PPPTTTSSTTTTTTTTTTTTTTTTSSBBBBBBBBBBBBBBTTTBBBBBBBBBBBBBBTTTTTTTSSAASSTTTTATATTTTTTSSTTTTSSTTTTTTPPP
PPPTTTSSATTTTTTTTTTTTTTSSBBBBBBBABAABBBBTTTBBBBBBBBBABBBBTTTTTTSSAATTSSTAAAAAAATATSSTTTTTTSTSTTSSPPP
PPPSTASSAATTTTAATTTTTTABSSBBBBBAAAAAABBBBBBBBBBBABBAAABABAATATTATTAAASSAAASATAAAAASATAATTSSSSSSSSPPP
PPPSSASSTAAAAAAAAATTTAAASSBBABAABABBAAABBBBBBBBAAAAABAAAAAAAASSATTTAASSASTSTTTTATAAAAAATSSSSASSSSPPP
PPPTSTSSSTAAAATTAATTAATAABAAAAABBBBBBAAAABBBABAABAASBSABATTASSSSSSSATSSSSSSTTTTTTTATATSSSTTTATTSSPPP
PPPTTSSTSSTTSTTTSSSSATTBAAAABABBBBBBBBBAAAAAAAASBSBSSSBBBTTSSTTSSSSSSTSSSSSSTTTTSSSTSSSSTTTTTTTTTPPP
PPPTTSSTSSSSSSTSSSSSSTSBBASSSBBBBSSSSBBBBAAASABSSSBSSBBSSTSSTTTSSTTSSSSTSTTSSSBSSSSSSSBBBBTTTTTTTPPP
PPPSSSSSSTSSTSSSTTTTSSSSSBSSSSBBSSSSSSBBBSSBSBBSSSSSSBSSSSSTTTSSTTTAASTTTTTTSSSSBBBSBBBBBBTTTTTTTPPP
PPPSSSSSTTTTTTSTTTTTTSTSSSSBBSSSSBSSSSBBSSSBSBSSBSSBSSSTTSTTTTTSSTTTTSSTTTTTTTSBBBBBBBBBBBTTTTTTTPPP
PPPTTTSSTTTTTTTTTTTTTTTBBSSSSSSSSSSSSSSDSSBSSSSBBBBBBSTTTTTTTTTSKTTTSSTTTTTTTTBBBBBBBBBBBBTTTTTTTPPP
PPPTTTTSSTTTTTTTTTTTTTTBBSSSSSBBSSBBBSSSSSKSBSBBBBBBBTTTTTTTTTSSTTTTSSTTTTTTTTBBBBBBBBBBBBTTTTTTTPPP
PPPTTTSSTTTTTTTTTTTTTTTBSSBBBBBBBBBBBBBBSBSBBBBBBBBBBTTTTTTTTTSDTTTTTSSTTTTTTTBBBBBBBBBBBBTTTTTTTPPP
PPPTTTTSSKTTTTTTTTTTTTTBBSSBBBBBBBBBBBBBBBBBBBBBBBBBBTTTTTTTTTSSTTTTSSTTTTTTTTBBBBBBBBBBBBTTTTTTTPPP
PPPTTTTTSSTTTTTGTTTTTTTTSSTTTTTTTTTTTTTTTTTTTTTKTTTTTTTTTTTTTSSTTTTSSTTTTTTTTTTTTTTTTTTTTTTTTTTTTPPP
PPPTTTTSSTTTTTTTTTTTTTTTSSTTTTTTTTTTTTTTTTTTTTTTTTTTTTTTTTTTTSSTTTTTSSTTTTTTTTDTTTTTTTTTTTTTTTTTTPPP
PPPTTTTTSSTTTTTTTTTTTTTTTSSTTTTTTTTTTTTTTTTTTTTTTTTTTTTTTTTTTSSTTTTTTSSTTTTTTTTTTTTTTTTTTTTTTTTTTPPP
PPPTTTTSSTTTKTTTTTTTTTTTTTSSTTTTTTTTTTTTGTTTTTTTTTTTTTTTTTTTSSTTTTTTSSTTTTTTTTTTTTTTTTTTTTTTTTTTTPPP
PPPTTTSSTTTTTTTTTTTTTTTTTTSSTTTTTTTTTTTTTTTTTTTTTTTTTTTTTTTSSTTTTTTTTSSTTTTTTTTTTTTTTTTTTTTTTTTTTPPP
PPPTTTTSSTTTTTTTTTTTTTTTTSSTTTTTTTTTTTTTTTTTTTTTTTTTTTTTTTTSSTTTTTTTAASSTTTTTTTTTTTTTTTTTKTTTTTTTPPP
PPPTTTTTSSTTTTTTTTTTTTTTTTSSTTTTTTTTTTTTTTTTTTTTTTTTTTTTTTTTSSTTTTTAASSTTTTTTTTTTTTTTTTTTTTTTTTTTPPP
PPPPPPPPPPPPPPPPPPPPPPPPPPPPPPPPPPPPPPPPPPPPPPPPPPPPPPPPPPPPPPPPPPPPPPPPPPPPPPPPPPPPPPPPPPPPPPPPPPPP
PPPPPPPPPPPPPPPPPPPPPPPPPPPPPPPPPPPPPPPPPPPPPPPPPPPPPPPPPPPPPPPPPPPPPPPPPPPPPPPPPPPPPPPPPPPPPPPPPPPP
PPPPPPPPPPPPPPPPPPPPPPPPPPPPPPPPPPPPPPPPPPPPPPPPPPPPPPPPPPPPPPPPPPPPPPPPPPPPPPPPPPPPPPPPPPPPPPPPPPPP
