75
75
PPPPPPPPPPPPPPPPPPPPPPPPPPPPPPPPPPPPPPPPPPPPPPPPPPPPPPPPPPPPPPPPPPPPPPPPPPP
PPPPPPPPPPPPPPPPPPPPPPPPPPPPPPPPPPPPPPPPPPPPPPPPPPPPPPPPPPPPPPPPPPPPPPPPPPP
PPPPPPPPPPPPPPPPPPPPPPPPPPPPPPPPPPPPPPPPPPPPPPPPPPPPPPPPPPPPPPPPPPPPPPPPPPP
PPPTTTTTTTTTTTTTTTTTTTTTTTTAATTSSTTTTTTTTTTTTTTTTTTTTTTTTTTTTSSTTTTTTSSGPPP
PPPTTTTTTTTTTTTTTTTTTTTTTTTTAATTSSTTTTTTTTTTTTTTTTTTTTTTTTTTTTSSTTTTSSSSPPP
PPPTTTTTTTTTTSSTTTTTTGTTTTTTAATTSSTTTTTTTTDTTTTTTTTTGTTTTTTTTTTSSTTTSSSSPPP
PPPTTTSTSTSTSSSSTTTTTTTTTTTAATTTSSTTTTTTTTTTTTTTTTTTTTTTTTTTTTTTSSTTSSSSPPP
PPPTTSSSSSSSSTTSSTTTTSSTTTAADTTSSTTTTTTTTTTTTTTTTTTTTTTTTTTTTTTSSTTTSSTTPPP
PPPPPSSPPPPPPPPSSPPPPPPPPPPPPPPPPPPPPPPPPPSSSTSTSTSTTTTTTTTTTTTSSTTSSSSTPPP
PPPSSTTTTTTTTTTTTSSSSBBSSBSAASBBSBTTTTTTTTTTTTTXTTTTTTTTTTTTTTTTSSSSTSSTPPP
PPPTTTTTTTTTTTTTTTSTBBBBSSSSSSSSSSSSTTTTTTTTTTTTTTTTTTTTTTTGTTTTTSSSSSSTPPP
PPPTTTTTTTTTTTTTTTTTBBBBBSBSSBSSBSSSSTTTTTTTTTTTTTTTTTTTTTTTTTTTTSSSSSSTPPP
PPPTTTTTTTTTTTTTTTTTBBBBBBBBAABSSBTTSSSTTTTTTTTTTTTTTSSSTTTTTTTTSSTSSSSTPPP
PPPTTTTTTTTGTTTTTTTTBBBBBBBBAABBSSTTTSSSSSTTTTTTSSSSSSSSSSSSTSTSSSTSSTTTPPP
PPPTTTTTTTTTTTTTTTTTBBBBBBBAABBBSSTTSTSSSSSSSSSSSSSSSSAASSSSSSSSSSSTSTSSPPP
PPPTTTTTTTTTTTTTTTTTBSSSBBAASSBSSBSSSSSTTTSSSSSSTTTTTSAAAAAASTSSSSSSSSSMPPP
PPPTTTTTTTTTTTSSSSSSSSSSSSAASSSBSSSSTSTTTTTTTTTTTTTTTAAAAAAAATTSTSSSTSSMPPP
PPPTTTTTTTTTSSSSSSSSSBBBSSBAABSBSSTTTTTTTTTTTTTTTTTTTAAPPPPPPPPPPPPPPPPPPPP
PPPTTTTTTTSSSSTTTTTTBBBBBBBBAABSSBTTTTTTTTTTTTTTTTTTTAAAAAAAATTTTTSSSSSMPPP
PPPTTTTSSSSSTTTTTTTTBBBBBBBBBAABSSTTTTTTTTTTTTTTTTTTTAAAAAAAATTTTTSSTTSMPPP
PPPSSSSSSSTTTTTTTTTTBBBBBBBBBBBSSBTTTTTTTTTTTTTTTTTTTAAAAAAAATTTTTTSSTSMPPP
PPPSSSSTTTTTTTTTTTTTBBBBBBBBBBSSBBTTTTTTTTTTTTGTTTTTTAAAAAAAATTTTTTSSTSMPPP
PPPTTTTTTTTTTTTTTTTTBBBBBBBBBBSSBBTTTTTTTTTTTTTTTTTTTTTTTTTTTTTTTTTTSSSMPPP
PPPTTTTTTTTTTTTTTTTTTTTTTTTTTTDSSTTTDTTTTTTTTTTTTTTTDDTTTTTTTTTTTTTTSSSMPPP
PPPTTTTTTTTTTTTTTTTTTTTTTTTTTTTSSTTTTTTTTTTTTTTTTTTTTTTTTTTTTTTTTTTTSSSSPPP
PPPTTTTTTTTTTTTTTTTTTTTTTTTTTTTSSTTTTTTTTTTTTTTTTTTTTTTTTTTTGTTTTTTSSSSTPPP
PPPTTTTTTTTTTTTTTKKTTTTTTTTTTTTGGTTTTTBBBBBBBBBBBBBBBBTTTTTTTTTTTTTTTSSTPPP
PPPTTTTTTTTTTTTTTTTTTTTTTTTTTTSSTTTTTTBBBBBKBBBBBBBBBBTTTTTTTTTTTTTTSSSSPPP
PPPTTTTTTTTTTTTTTTTTTTTTTTTTTTTSSTTTTTBBBBBBBBBBBBBBBBTTTTTTTTTTTTTTTSSSPPP
PPPTTTTTTTTTTTTTTTTTTTTTTTTTTTSSTTTTTTBBBBBBBBBBBBBBBBTTTTSSSSSSSSSSSTSSPPP
PPPMMMMMMMMMMMMMMMTMMMMMMMMMMMMMMMMMMMMMMMMMMMMMMMMMMMMMMMMMMMMMMSMMMMMMPPP
PPPSSSSSSTTTTTTTTTTTTTTTTTTTSSAATTTTTTBBBBBBBBBKBBBBBBTTTTSMSSSSSSSMSSSTPPP
PPPTSSTTSSTTTTTTTTTTTTTTTTTTTSSTTTTTTTBBBBBBBBBBBBBBBBTTTTSMSSSSSSSMSSSTPPP
PPPTTTTTTSSTTTTSSSTTTTTTTTTTSSTTTTTTTTBBBBBBBBBBBBBBBBTTTTSMSSSSSSSMSTSSPPP
PPPTTTTTTTSSSSSSSSSTTGTTTTTSSAATTTTSTSSBBBBBBBBBBBBBBBSTTTSMSSSSSSSMSTTSPPP
PPPTTTTGTTTSSSSTTTSSSSSTTTTTSSAATTSSSSSSBBBBBBBBBBBBBSSSSSSMSSSSSSSMSTSSPPP
PPPTTTTTTTSTTTTTTTTSSSSSTTSTSSTAASSTSTBSSSBBSSBBBBBBSSTSSSSMSSSSSSSSSSSTPPP
PPPTTTTTTSSSTTTTTTTTTTTSSSSSSTSTSSTTTTBBSSSSSSSSBBBSSBTTTTSMSSSSSSSMSSSSPPP
PPPSTTTSSSTSSTSTTTTTTTTTSSTSSSSSSTTTTTBBBBSSBBSSSSSSBBTTTTSMMMMMMMMMSTTSPPP
PPPSSSSSSTTTSSSSSTSTTSTTTTTTTSTSAATTTTBBBBBBBBBBSSSBBBTTTTSSSSSSSSSSSTSSPPP
PPPTSSSTTTTTTSTSSSSSSSSSSTTTSSTAATTTTTBBBBBBBBBBBBBBBBTTTTTTTTTTTTTTSSTSPPP
PPPTTTTTTTTTTTTTTSTSSTSSSSTTSSSTAATTTTBBBBBBBBBBBBBBBBTTTTTTTTTTTTTSSTSSPPP
PPPTTTTTTTTSSSSSSSSSSSTTTSSSSSSSAASTTTTTTTTTTTTTTTTTTTTTTTTTTTTTTTTTSSTSPPP
PPPTTTTTTTTSMMMMMMMMMSTTTTSSSSTSSSSSTTTTTTTTTTTTTTTTTTTTTTTTTTTTTTTTSSTTPPP
PPPTTTTTTTTSMSSSSSSSMSTTTTTSSTTTSSTSSSTSTTTTTTTTTTTTTTTTTTTTTTTTTTTSSTTSPPP
PPPTTTTTTTTSMSSSSSSSMSTTTTTTSSTAATTTSSSSSTSTTSSTSTTTTTTTTTTTTTTTTTTTSSTTPPP
PPPTTTTTTTTSMSSSSSSSSSTTTTTTTSSAADTTTTSTSSSSSSSSSSTTTTTTGTTTTTTTTTTSSTTSPPP
PPPTTTTTTTTSMSSSSSSSMSTTTTTTSSTAATTTTTTTTSTSSTTSTSSTTTTTTTTTTTTTTTSSTTTTPPP
PPPTTTTTTTTSMSSSSSSSMSTTTTTSSTAATTTTTTTTTTTTTTTTTTSSTTTSSTTTTTTTTTTSSTTTPPP
PPPTTTTTTTTSMSSSSSSSMSTTTTTTSSTTTTTTTTTTTTTTTTTTTTTSSTSSSSTTTTTTTTTTTSTTPPP
PPPTTTTTTTTSMSSSSSSSMSTTTTTTTSSTTTTTTTTTTTTTTTTTTTTTSSSTTSSTTSSSSTSSSSSSPPP
PPPTTTTTTTTSMMMMMMMMMSTTTTTTSSTTTTTTTTTTTTTTTTTTTTTTTSTTTTSSSSSSSSSSSTSSPPP
PPPTTTTTTTTSSSSSSSSSSSBBSSSSSSSSSSSTTTTTTTTKTTTTTTTTTTKTTTTSSTTTTSTTSSTTPPP
PPPTTTTTTTTTTTTTTTBBBBBBSMMMMMMMMMSTTTTTTTTTTTTTTTTTTTTTTTTTSTTTSTTTSSTTPPP
PPPTTTKTTTTTTTTTTTBBBBBBSMSSSSSSSMSTTTTTTTTTTTTTTTTTTTTTTTTSSSSSSSTSTSSSPPP
PPPTTTTTTTTTTTTTTTBBBBBBSMSSSSSSSMSTTTTTTTTTTTTTTTDTTTTTTTSSTSSSBSSSSSBSPPP
PPPTTTTTTTTTTTTTTTBBBBBBSMSSSSSSSSSTTTTTTTTTTTTTTTTTTTTSTSSTTTBBBBSBBSSBPPP
PPPTTTTTTTTGTTTTTTBBBBBBSMSSSSSSSMSTTTTTTTTTTTTTTTSTTTSSSSTTTTBBBBBBBSSBPPP
PPPTTTTTTTTTTTTTTTBBBBBBSMSSSSSSSMSTTTTTTTTTTTTTGSSSSSSTSTTTTTBBBBBBSSBBPPP
PPPTTTTTTGTTTTTTTTBBBBBBSMSSSSSSSMSTTTTTTTTTTTTSSSTSSSTTTTTTTTBBBBBBSSBSPPP
PPPTTTTTTTTTTTTTTTBBBBBBSMSSSSSSSMSTTTTTTTSSTSSSSTTTTTTTTTTTTTBBBBBSSBSSPPP
PPPTTTTTTTTTTTTTTTBBBBBBSMMMMMMMMMSTTTTTTSSSSSSTTTTTTTTTTTTTTTBBBBBBBSSBPPP
PPPTTTTTTTTTTTTTTTTTTTTTSSSSSSSSSSSSTTTSSSTTSTTTTTTTTTTTTTTTTTBBBBBBSSSSPPP
PPPTTTTTTTTTTTTTTTTTTTTTTTTTSSTTTTSSSTSSSTTTTTTTTTTTTTTTTTTTTTBBBBBSSBBSPPP
PPPTBBBBBBBBBBBBBBTSTSTTTSTSSAATSSSTSSSTTTTTTGTTTTTTTTTTTTTTTTBBBBBSSBSSPPP
PPPTBBBBSBBBSSBBBBSSSSSTSSSSAASSSSTTTSTTTTTTTTTTTTTTTTTTTTTTTTBBBBBSSBBSPPP
PPPTBBBSSSBSSSSBBSSTSTSSSSSAATSSTTTTTATTTTTTTTTTTTTTTTTTTTTTTTBBBBBSSBSSPPP
PPPTSBSSBSSSBBSSSSTTTTTSSSTTAATTTTTTAAAATTTTTTTTTATTTTTTTTTTTTBBBBSSBSSBPPP
PPPSSSSBBBSBBBBSSBTTTTTSSTAAAAATTATAATAAATTTTTTAAAATTTTTTTTTTTBBBBBSSSSBPPP
PPPSBSBBBBBBABBBBBTATAATSSAATAAAAAAATTTTAATTAAAAATAAAATTTTTTTABAABBBBSSSPPP
PPPTBBBBBBBAAAABBAAAAAASSTTSSATAATATTTTTTAAAAAATTTTAAAAATTAAAAAAAABBSSSSPPP
PPPPPPPPPPPPPPPPPPPPPPPPPPPPPPPPPPPPPPPPPPPPPPPPPPPPPPPPPPPPPPPPPPPPPPPPPPP
PPPPPPPPPPPPPPPPPPPPPPPPPPPPPPPPPPPPPPPPPPPPPPPPPPPPPPPPPPPPPPPPPPPPPPPPPPP
PPPPPPPPPPPPPPPPPPPPPPPPPPPPPPPPPPPPPPPPPPPPPPPPPPPPPPPPPPPPPPPPPPPPPPPPPPP
PPPPPPPPPPPPPPPPPPPPPPPPPPPPPPPPPPPPPPPPPPPPPPPPPPPPPPPPPPPPPPPPPPPPPPPPPPP
