100
100
PPPPPPPPPPPPPPPPPPPPPPPPPPPPPPPPPPPPPPPPPPPPPPPPPPPPPPPPPPPPPPPPPPPPPPPPPPPPPPPPPPPPPPPPPPPPPPPPPPPP
PPPPPPPPPPPPPPPPPPPPPPPPPPPPPPPPPPPPPPPPPPPPPPPPPPPPPPPPPPPPPPPPPPPPPPPPPPPPPPPPPPPPPPPPPPPPPPPPPPPP
PPPPPPPPPPPPPPPPPPPPPPPPPPPPPPPPPPPPPPPPPPPPPPPPPPPPPPPPPPPPPPPPPPPPPPPPPPPPPPPPPPPPPPPPPPPPPPPPPPPP
PPPTTTTTTTTTTTTTTTTTTTTTTTTAATTSSTTTTTTTTTTTTTTTTTTTTTTTTTTTTSSTTTTTTSSTTTTTTTTTTTTTTTTTTTTTTTTTTPPP
PPPTTTTTTTTTTTTTTTTTTTTTTTTTAATTSSTTTTTTTTTTTTTTTTTTTTTTTTTTTTSSTTTTSSSSTTTTTTTTTTTTTTTTTTTTTTTTTPPP
PPPTTTTTTTTTTSSTTTTTTTTTTTTTAATTSSTTTTTTTTTTTTTTTTTTTTTTTTTTTTTSSTTTSSSSTTTTTTTTTTTTTTTTTTTTTTTTTPPP
PPPTTTSTSTSTSSSSTTTTTTTTTTTAATTTSSTTTTTTTTTTTTTTTTTTTTTTTTTTTTTTSSTTSSSSTTTTTTTTTTTTTTTTTTTTTTTTTPPP
PPPTTSSSSSSSSTTSSTTTTSSTTTAADTTSSTTTTTTTTTTTTTTTTTTTTTTTTTTTTTTSSTTTSSTTTTTTTTTTTTTTTTTTTTTTTTTTTPPP
PPPPPSSPPPPPPPPSSPPPPPPPPPPPPPPPPPPPPPPPPPSSSTSTSTSTTTTTTTTTTTTSSTTSSSSTTTTTTTTTTTTTTTTTTTTTTTTTTPPP
PPPSSTTTTTTTTTTTTSSSSBBSSBSAASBBSBTTTTTTTTTTTTTTTTTTTTTTTTTTTTTTSSSSTSSTTTTTTTTTTTTTTTXTTTTTTTTTTPPP
PPPTTTTTTTTTTTTTTTSTBBBBSSSSSSSSSSSSTTTTTTTTTTTTTTTTTTTTTTTTTTTTTSSSSSSTTTTTTTTTTTTTTTTTTTTTTTTTTPPP
PPPTTTTTTTTTTTTTTTTTBBBBBSBSSBSSBSSSSTTTTTTTTTTTTTTTTTTTTTTTTTTTTSSSSSSTTTTTTTTTTTTTTTTTTTTTTTTTTPPP
PPPTTTTTTTTTTTTTTTTTBBBBBBBBAABSSBTTSSSTTTTTTTTTTTTTTSSSTTTTTTTTSSTSSSSTTTTTTTTTTTTTTTTTTTTTTTTTTPPP
PPPTTTTTTTTTTTTTTTTTBBBBBBBBAABBSSTTTSSSSSTTTTTTSSSSSSSSSSSSTSTSSSTSSTTTTTTTTTTTTTTTTTTTTTTTTTTTTPPP
PPPTTTTTTTTTTTTTTTTTBBBBBBBAABBBSSTTSTSSSSSSSSSSSSSSSSAASSSSSSSSSSSTSTSSSSSSSSSSSTSTTTTSSSSTTTTTTPPP
PPPTTTTTTTTTTTTTTTTTBSSSBBAASSBSSBSSSSSTTTSSSSSSTTTTTSAAAAAASTSSSSSSSSSMSMMMMMMMSSSTTTSSSSSSSTSTSPPP
PPPTTTTTTTTTTTSSSSSSSSSSSSAASSSBSSSSTSTTTTTTTTTTTTTTTAAAAAAAATTSTSSSTSSMSSSSSSSMSSSSSSSTTTTSSSSSSPPP
PPPTTTTTTTTTSSSSSSSSSBBBSSBAABSBSSTTTTTTTTTTTTTTTTTTTAAPPPPPPPPPPPPPPPPPPPPSPPPPPPPPPPPPPPPPPPTSTPPP
PPPTTTTTTTSSSSTTTTTTBBBBBBBBAABSSBTTTTTTTTTTTTTTTTTTTAAAAAAAATTTTTSSSSSMSSSSSSSMSTTTTTSSTTTTTTTTTPPP
PPPTTTTSSSSSTTTTTTTTBBBBBBBBBAABSSTTTTTTTTTTTTTTTTTTTAAAAAAAATTTTTSSTTSMSSSSSSSMSTTTTTTSSSTSTTTTTPPP
PPPSSSSSSSTTTTTTTTTTBBBBBBBBBBBSSBTTTTTTTTTTTTTTTTTTTAAAAAAAATTTTTTSSTSMSSSSSSSMSTTTTTTTSSSSSSTSTPPP
PPPSSSSTTTTTTTTTTTTTBBBBBBBBBBSSBBTTTTTTTTTTTTTTTTTTTAAAAAAAATTTTTTSSTSMSSSSSSSMSTTTTTTTTTSTSSSSSPPP
PPPTTTTTTTTTTTTTTTTTBBBBBBBBBBSSBBTTTTTTTTTTTTTTTTTTTTTTTTTTTTTTTTTTSSSMSSSSSSSMSTTTTTTTTTTTTTSTSPPP
PPPTTTTTTTTTTTTTTTTTTTTTTTTTTTDSSTTTDTTTTTTTTTTTTTTTTTTTTTTTTTTTTTTTSSSMMMMSMMMMSTTTTTTTTTTTTTTTTPPP
PPPTTTTTTTTTTTTTTTTTTTTTTTTTTTTSSTTTTTTTTTTTTTTTTTTTTTTTTTTTTTTTTTTTSSSSSSSSSSSSSTTTTTTTTTTTTTTTTPPP
PPPTTTTTTTTTTTTTTTTTTTTTTTTTTTTSSTTTTTTTTTTTTTTTTTTTTTTTTTTTTTTTTTTSSSSTTTTTTTTTTTTTTTTTTTTTTTTTTPPP
PPPTTTTTTTTTTTTTTTTTTTTTTTTTTTTSSTTTTTBBBBBBBBBBBBBBBBTTTTTTTTTTTTTTTSSTTTTTTTTTTTTTTTTTTTTTTTTTTPPP
PPPTTTTTTTTTTTTTTTTTTTTTTTTTTTSSTTTTTTBBBBBKBBBBBBBBBBTTTTTTTTTTTTTTSSSSTTTTTTTTTTTTTTTTTTTTTTTTTPPP
PPPTTTTTTTTTTTTTTTTTTTTTTTTTTTTSSTTTTTBBBBBBBBBBBBBBBBTTTTTTTTTTTTTTTSSSSTTTDTTTTTTTTTTTTTTTTTTTTPPP
PPPTTTTTTTTTTTTTTTTTTTTTTTTTTTSSTTTTTTBBBBBBBBBBBBBBBBTTTTSSSSSSSSSSSTSSSSTTTTTTTTTTTTTTTTTTTTTTTPPP
PPPMMMMMMMMMMMMMMMTMMMMMMMMMMMMMMMMMMMMMMMMMMMMMMMMMMMMMMMMMMMMMMSMMMMMMMMMMMMMMMMMMMMMMMMMMMMMMMPPP
PPPSSSSSSTTTTTTTTTTTTTTTTTTTSSAATTTTTTBBBBBBBBBKBBBBBBTTTTSMSSSSSSSMSSSTTTSSTTTTTTTTTTTTTTTTTTTTTPPP
PPPTSSTTSSTTTTTTTTTTTTTTTTTTTSSTTTTTTTBBBBBBBBBBBBBBBBTTTTSMSSSSSSSMSSSTTTTSSTTTTTTTTTTTTTTTTTTTTPPP
PPPTTTTTTSSTTTTSSSTTTTTTTTTTSSTTTTTTTTBBBBBBBBBBBBBBBBTTTTSMSSSSSSSMSTSSSTSSTTTTTTTSTTTTTTTTTTTTTPPP
PPPTTTTTTTSSSSSSSSSTTTTTTTTSSAATTTTSTSSBBBBBBBBBBBBBBBSTTTSMSSSSSSSMSTTSSSSSSSTTSTSSSTTTTTTTTTTTTPPP
PPPTTTTTTTTSSSSTTTSSSSSTTTTTSSAATTSSSSSSBBBBBBBBBBBBBSSSSSSMSSSSSSSMSTSSTSSSSSSSSSSTSSTSTTSSSSTTTPPP
PPPTTTTTTTSTTTTTTTTSSSSSTTSTSSTAASSTSTBSSSBBSSBBBBBBSSTSSSSMSSSSSSSSSSSTSSTTTTSSTSTTTSSSSSSSSSSSSPPP
PPPTTTTTTSSSTTTTTTTTTTTSSSSSSTSTSSTTTTBBSSSSSSSSBBBSSBTTTTSMSSSSSSSMSSSSSSTTTTTTTTTTTTSTSSTTTTSSSPPP
PPPSTTTSSSTSSTSTTTTTTTTTSSTSSSSSSTTTTTBBBBSSBBSSSSSSBBTTTTSMMMMMMMMMSTTSSTTTTTTTTTTTTTTTTTTTTTTTTPPP
PPPSSSSSSTTTSSSSSTSTTSTTTTTTTSTSAATTTTBBBBBBBBBBSSSBBBTTTTSSSSSSSSSSSTSSSSTTTTTTTTTTTTTTTTTTTTTTTPPP
PPPTSSSTTTTTTSTSSSSSSSSSSTTTSSTAATTTTTBBBBBBBBBBBBBBBBTTTTTTTTTTTTTTSSTSSSSTTTTTTTTTTTTTTTTTTTTTTPPP
PPPTTTTTTTTTTTTTTSTSSTSSSSTTSSSTAATTTTBBBBBBBBBBBBBBBBTTTTTTTTTTTTTSSTSSTSSTTTTTTTTTTTTTTTTTTTTTTPPP
PPPTTTTTTTTSSSSSSSSSSSTTTSSSSSSSAASTTTTTTTTTTTTTTTTTTTTTTTTTTTTTTTTTSSTSSSSTTTTTTTTTTTTTTTTTTTTTTPPP
PPPTTTTTTTTSMMMMMMMMMSTTTTSSSSTSSSSSTTTTTTTTTTTTTTTTTTTTTTTTTTTTTTTTSSTTSSTTTTTTTTTTTTTTTTTTTTTTTPPP
PPPTTTTTTTTSMSSSSSSSMSTTTTTSSTTTSSTSSSTSTTTTTTTTTTTTTTTTTTTTTTTTTTTSSTTSSTTTTTTTTTTTTTTTTTTTTTTTTPPP
PPPTTTTTTTTSMSSSSSSSMSTTTTTTSSTAATTTSSSSSTSTTSSTSTTTTTTTTTTTTTTTTTTTSSTTSSTTTTTTTTTTTTTTTTTTTTTTTPPP
PPPTTTTTTTTSMSSSSSSSSSTTTTTTTSSAADTTTTSTSSSSSSSSSSTTTTTTTTTTTTTTTTTSSTTSSSSTTTTTTTTTTTTTTTTTTTTTTPPP
PPPTTTTTTTTSMSSSSSSSMSTTTTTTSSTAATTTTTTTTSTSSTTSTSSTTTTTTTTTTTTTTTSSTTTTSSSSTTTTTTTTTTTTTTSSTTTSSPPP
PPPTTTTTTTTSMSSSSSSSMSTTTTTSSTAATTTTTTTTTTTTTTTTTTSSTTTSSTTTTTTTTTTSSTTTTSSTTTTTTTSSTSTTSSSSSTSSSPPP
PPPTTTTTTTTSMSSSSSSSMSTTTTTTSSTTTTTTTTTTTTTTTTTTTTTSSTSSSSTTTTTTTTTTTSTTSSSSSTSSTSSSSSSSSSTTSSSTTPPP
PPPTTTTTTTTSMSSSSSSSMSTTTTTTTSSTTTTTTTTTTTTTTTTTTTTTSSSTTSSTTSSSSTSSSSSSTSSSSSSSSSTTSTSSTTTTTSTTTPPP
PPPTTTTTTTTSMMMMMMMMMSTTTTTTSSTTTTTTTTTTTTTTTTTTTTTTTSTTTTSSSSSSSSSSSTSSSTSSTSTTSTTTTTTTTTTTTTTTTPPP
PPPTTTTTTTTSSSSSSSSSSSBBSSSSSSSSSSSTTTTTTTTTTTTTTTTTTTKTTTTSSTTTTSTTSSTTSSSTTTTTTTTTTTTTTTTTTTTTTPPP
PPPTTTTTTTTTTTTTTTBBBBBBSMMMMMMMMMSTTTTTTTTTTTTTTTTTTTTTTTTTSTTTSTTTSSTTTSSSTTTTTTTTSTTSSTTTTTTTTPPP
PPPTTTKTTTTTTTTTTTBBBBBBSMSSSSSSSMSTTTTTTTTTTTTTTTTTTTTTTTTSSSSSSSTSTSSSSSSSSTTTTTTSSSSSSSTTTTTTTPPP
PPPTTTTTTTTTTTTTTTBBBBBBSMSSSSSSSMSTTTTTTTTTTTTTTTTTTTTTTTSSTSSSBSSSSSBSSBSSSSBSSTSSTSSTTSSTSSTSSPPP
PPPTTTTTTTTTTTTTTTBBBBBBSMSSSSSSSSSTTTTTTTTTTTTTTTTTTTTSTSSTTTBBBBSBBSSBSBSSBSSSSSSTTTTTTTSSSSSSSPPP
PPPTTTTTTTTTTTTTTTBBBBBBSMSSSSSSSMSTTTTTTTTTTTTTTTSTTTSSSSTTTTBBBBBBBSSBBSSBBBSBTSTTTTTTTTTSTTSTTPPP
PPPTTTTTTTTTTTTTTTBBBBBBSMSSSSSSSMSTTTTTTTTTTTTTTSSSSSSTSTTTTTBBBBBBSSBBSSBBBBBBTTTTTTTTTKTTTTTTTPPP
PPPTTTTTTTTTTTTTTTBBBBBBSMSSSSSSSMSTTTTTTTTTTTTSSSTSSSTTTTTTTTBBBBBBSSBSSSSBBBBBTTTTTTTTTTTTTTTTTPPP
PPPTTTTTTTTTTTTTTTBBBBBBSMSSSSSSSMSTTTTTTTSSTSSSSTTTTTTTTTTTTTBBBBBSSBSSBSSBBBBBTTTTTTTTTTTTTTTTTPPP
PPPTTTTTTTTTTTTTTTBBBBBBSMMMMMMMMMSTTTTTTSSSSSSTTTTTTTTTTTTTTTBBBBBBBSSBSSBBBBBBTTTTTTTTTTTTTTTTTPPP
PPPTTTTTTTTTTTTTTTTTTTTTSSSSSSSSSSSSTTTSSSTTSTTTTTTTTTTTTTTTTTBBBBBBSSSSSSBBBBBBTTTTTTTTTTTTTTTTTPPP
PPPTTTTTTTTTTTTTTTTTTTTTTTTTSSTTTTSSSTSSSTTTTTTTTTTTTTTTTTTTTTBBBBBSSBBSSBBBBBBBTTTTTTTTTTTTTTTTTPPP
PPPTBBBBBBBBBBBBBBTSTSTTTSTSSAATSSSTSSSTTTTTTTTTTTTTTTTTTTTTTTBBBBBSSBSSSSBBBBBBTTTTTTTTTTTTTTTTTPPP
PPPTBBBBSBBBSSBBBBSSSSSTSSSSAASSSSTTTSTTTTTTTTTTTTTTTTTTTTTTTTBBBBBSSBBSSSSBBBBBTTTTTTTTTTTTTTTTTPPP
PPPTBBBSSSBSSSSBBSSTSTSSSSSAATSSTTTTTATTTTTTTTTTTTTTTTTTTTTTTTBBBBBSSBSSBSSBBBBBTTTTTTTTTTTTTTTTTPPP
PPPTSBSSBSSSBBSSSSTTTTTSSSTTAATTTTTTAAAATTTTTTTTTATTTTTTTTTTTTBBBBSSBSSBSSBBBBBBTTTTTTTTTTTTTTTTTPPP
PPPSSSSBBBSBBBBSSBTTTTTSSTAAAAATTATAATAAATTTTTTAAAATTTTTTTTTTTBBBBBSSSSBSSBBBBBBTTTTTTTTTTTTTTTTTPPP
PPPSBSBBBBBBABBBBBTATAATSSAATAAAAAAATTTTAATTAAAAATAAAATTTTTTTABAABBBBSSSSBBBBBBBTTTTTTTTTTTTTTTTTPPP
PPPTBBBBBBBAAAABBAAAAAASSTTSSATAATATTTTTTAAAAAATTTTAAAAATTAAAAAAAABBSSSSSSBBSBBBTTTTTTTTTTTTTTTTTPPP
PPPTBBBBBAAABAAAAAATATTTTSSSSSTTTTTTTTTTTTAATTTTTTTTTTAATAAAATABBABBSSSSSSSSSSBATTSTTTTTTTTTTTTTTPPP
PPPTABAAAAABBBBAABTTTSTSSSSTTSSTTTTTTTTTTTTTTTTTTTTTTTTSSASTTTBBBBSSSSSSSSSSBSSASSSSTTATTTTTSTTTAPPP
PPPAAAAAABBBBBBBSSTSSSSSSTTTTTSSTTTTTTTTTTTTTTTTTTTTTSSSSSSSTSSSTSSSSSTSSTTTTTSSSSTSSSATTTTSSSTAAPPP
PPPABABBBBBBSSBSSSSSSTSTSSTTTAASSTTTTTTTTTTTTTTSTTTSSSSTTSTSSSSSSSTSSDSSTTTTTTTSTTTTSSSSSSSSTSSATPPP
PPPTBBBBBBSSSSSSBBSTTTTTSSTTAATTSSSTTTTTTTTSTSSSSSSSSTTTTTTTSTTTSTSSTTTSSTTTTTTTTTTTTTSSSSSTTTSSTPPP
PPPTBBBBBSSSBBSTBBTKTTTTTSSTTAATTSSSTSSTSSSSSSSTSSSTTTTTTTTTTTTTTTTSSTTTSSTTTTTTTTTTTTTTTTTTTTTSSPPP
PPPTSBBBSSBBBBBBBBTTTTTTSSTTAATTTTTSSSSSSSSTSTTTTTTTTTTTTTTTTTTTTTTSSTTTSSTTTTTTTTTTTTTTTTTTTTTTSPPP
PPPMMMMSMMMMMMMMMMMMMMMMMSSMAMMMMMMMMMMMMMMMMMMMMMMMMMMMMMMMMMMMMSSMMMMMMMMMMMMMMMMMMMMMMMMMMMMMMPPP
PPPSTSSSTTTTTTTTTTTTTTTTTSSTAATTTTTTTTTTTTTTTTTTTTTTTTTTTTTTTTTTTSSTTTTTSSTTTTTTTTTTTTTTTTTTTTTTTPPP
PPPTTTTTTTTTTTTTTTTTTTTTTSSAATTTTTTTTTTTTTTTTTTSSSSSSSSSSSTTTTTTTTSSTTTSSTTTTTTTTTTTTTTTTTTTTTTTTPPP
PPPTTTTTTTTTTTTTTTTTTTTTTSSTTTTTTTTTTTTTTTTTTTTSMMMMMMMMMSTTTTTTTTTSSTTTSSTTTTTTTTTTTTTTTTTTTTTTTPPP
PPPTTTTTTTTTTTTTTTTTTTTTTTSSTTTTTTTTTTTTTTTTTTTSMSSSSSSSMSTTTTTTTTTSSTTTSSTTTTTTTTTTTTKTTTTTTTTTTPPP
PPPTTTTTTTTTTTTTTTTTTTTTTTTSSTTTTTTTTAAAAAAAATTSMSSSSSSSMSTTTTTTTTTTSSTSSTTTTTTTTTTTTTTTTTTTTTTTTPPP
PPPTTTTTTTTTTTTTTTTTTTTTTTAASSTTTTTTTAAAAAAAATTSSSSSSSSSMSTTTTTTTTTTTSSTSSTTTTTTTTTTTTTTTTTTTTTTTPPP
PPPTTTTTTTTTTTTTTTTTTTTTTTTAASSTTTTTTAAAAAAAATTSMSSSSSSSMSTTTTTTTTTTSSTSSSSTTTTTTTTTTTTTTTTTTTTTTPPP
PPPTTTTTTTTTTTTTTTTTTTTTTTTTSSTTTTTTTAAAAAAAATTSMSSSSSSSMSTTTTTTTTTTSSTTSSSSTTTTTTTTTTTTTTTTTTTTTPPP
PPPTTTTTTTTTTTTTTTTTTTTTTTTSSTTTTTTTTAAAXAAAATTSMSSSSSSSMSTTTTTTTTTTTSSSSTSSTTTTTTTTTTTTTTTTTTTTTPPP
PPPTTTTTTTTTTTTTTTTTTTTTTTSSTTTTTTTTTAAAAAAAATTSMSSSSSSSMSTTTTTTTTTTTSSTTSSTTTTTTTTTTTTTTTTTTTTTTPPP
PPPTTTTTTTTTTTTTTTTTTTTTTTSSTTTTTTTTTAAAAAAAATTSMMMMMMMMMSTTTTTTTTTTTSSTTTSSTTTTTTTTTTTTTTTTTTTTTPPP
PPPTTTTTTTTTTTTTTTTTTTTTTTTSSTTTTTTTTAAAAAAAATTSSSSSSSSSSSTTTTTTTTTTSSSSTTSSTTTTTTTTTTTTTTTTTTTTTPPP
PPPTTTTTTTTTTTTTTTTTTTTTTTSSTTTTTTTTTTTTTTTTTTTTTTTTTTTTTTTTTTTTTTTTSSSSTSSTTTTTTTTTTTTTTTTTTTTTTPPP
PPPTTTTTTTTTTTTTTTTTTTTTTTTSSTTTTTTTTTTTTTTTTTTTTTTTTTTTTTTTTTTTTTTSSTSSSSTTTTTTTTTTTTTTTTTTTTTTTPPP
PPPTTTTTTTTTTTTTTTTTTTTTTTTTSSTTTTTTTTTTTTTTTTTTTTTTTTTTTTTTTTTTTTSSTSSTSSTTTTTTTTTTTTTTTTTTTTTTTPPP
PPPTTTTTTTTTTTTTTTTTTTTTTTTAASSTTTTTTTTTTTTTTTTTTTTTTTTTTTTTTTTTTTSSTSSSSTTTTTTTTTTTTTTTTTTTTTTTTPPP
PPPTTTTTTTTTTTTTTTTTTTTTTTTAASSTTTTTTTTTTTTTTTTTTTTTTTTTTTTTTTTTTTSSTTSSTTTTTTTTTTTTTTTTTTTTTTTTTPPP
PPPTTTTTTTTTTTTTTTTTTTTTTTTTSSTTTTTTTTTTTTTTTTKTTTTTTTTTTTTTTTTTTTTSSTSSTTTTTTTTTTTTTTTTTTTTTTTTTPPP
PPPPPPPPPPPPPPPPPPPPPPPPPPPPPPPPPPPPPPPPPPPPPPPPPPPPPPPPPPPPPPPPPPPPPPPPPPPPPPPPPPPPPPPPPPPPPPPPPPPP
PPPPPPPPPPPPPPPPPPPPPPPPPPPPPPPPPPPPPPPPPPPPPPPPPPPPPPPPPPPPPPPPPPPPPPPPPPPPPPPPPPPPPPPPPPPPPPPPPPPP
PPPPPPPPPPPPPPPPPPPPPPPPPPPPPPPPPPPPPPPPPPPPPPPPPPPPPPPPPPPPPPPPPPPPPPPPPPPPPPPPPPPPPPPPPPPPPPPPPPPP
